../Src/stm32f4xx_spi.c:217:6:SPI_I2S_DeInit	16	static
../Src/stm32f4xx_spi.c:277:6:SPI_Init	24	static
../Src/stm32f4xx_spi.c:341:6:I2S_Init	48	static
../Src/stm32f4xx_spi.c:494:6:SPI_StructInit	16	static
../Src/stm32f4xx_spi.c:522:6:I2S_StructInit	16	static
../Src/stm32f4xx_spi.c:551:6:SPI_Cmd	16	static
../Src/stm32f4xx_spi.c:576:6:I2S_Cmd	16	static
../Src/stm32f4xx_spi.c:603:6:SPI_DataSizeConfig	16	static
../Src/stm32f4xx_spi.c:623:6:SPI_BiDirectionalLineConfig	16	static
../Src/stm32f4xx_spi.c:649:6:SPI_NSSInternalSoftwareConfig	16	static
../Src/stm32f4xx_spi.c:673:6:SPI_SSOutputCmd	16	static
../Src/stm32f4xx_spi.c:704:6:SPI_TIModeCmd	16	static
../Src/stm32f4xx_spi.c:741:6:I2S_FullDuplexConfig	24	static
../Src/stm32f4xx_spi.c:815:10:SPI_I2S_ReceiveData	16	static
../Src/stm32f4xx_spi.c:831:6:SPI_I2S_SendData	16	static
../Src/stm32f4xx_spi.c:921:6:SPI_CalculateCRC	16	static
../Src/stm32f4xx_spi.c:943:6:SPI_TransmitCRC	16	static
../Src/stm32f4xx_spi.c:961:10:SPI_GetCRC	24	static
../Src/stm32f4xx_spi.c:986:10:SPI_GetCRCPolynomial	16	static
../Src/stm32f4xx_spi.c:1023:6:SPI_I2S_DMACmd	16	static
../Src/stm32f4xx_spi.c:1131:6:SPI_I2S_ITConfig	24	static
../Src/stm32f4xx_spi.c:1175:12:SPI_I2S_GetFlagStatus	24	static
../Src/stm32f4xx_spi.c:1216:6:SPI_I2S_ClearFlag	16	static
../Src/stm32f4xx_spi.c:1241:10:SPI_I2S_GetITStatus	24	static
../Src/stm32f4xx_spi.c:1296:6:SPI_I2S_ClearITPendingBit	24	static
