/Users/harishankar/Desktop/STM32F4xx_DSP_StdPeriph_Lib_V1.9.0/Libraries/CMSIS/Include/core_cm4.h:1559:22:NVIC_DisableIRQ	16	static
../Src/tm_stm32f4_dma.c:41:6:TM_DMA_ClearFlags	16	static
../Src/tm_stm32f4_dma.c:46:6:TM_DMA_ClearFlag	24	static
../Src/tm_stm32f4_dma.c:72:10:TM_DMA_GetFlags	32	static
../Src/tm_stm32f4_dma.c:104:6:TM_DMA_EnableInterrupts	24	static
../Src/tm_stm32f4_dma.c:134:6:TM_DMA_DisableInterrupts	24	static
../Src/tm_stm32f4_dma.c:159:13:TM_DMA_TransferCompleteHandler	16	static
../Src/tm_stm32f4_dma.c:165:13:TM_DMA_HalfTransferCompleteHandler	16	static
../Src/tm_stm32f4_dma.c:171:13:TM_DMA_TransferErrorHandler	16	static
../Src/tm_stm32f4_dma.c:177:13:TM_DMA_DirectModeErrorHandler	16	static
../Src/tm_stm32f4_dma.c:183:13:TM_DMA_FIFOErrorHandler	16	static
../Src/tm_stm32f4_dma.c:192:13:TM_DMA_INT_ProcessInterrupt	24	static
../Src/tm_stm32f4_dma.c:225:6:DMA1_Stream0_IRQHandler	8	static
../Src/tm_stm32f4_dma.c:231:6:DMA1_Stream1_IRQHandler	8	static
../Src/tm_stm32f4_dma.c:237:6:DMA1_Stream2_IRQHandler	8	static
../Src/tm_stm32f4_dma.c:243:6:DMA1_Stream3_IRQHandler	8	static
../Src/tm_stm32f4_dma.c:249:6:DMA1_Stream4_IRQHandler	8	static
../Src/tm_stm32f4_dma.c:255:6:DMA1_Stream5_IRQHandler	8	static
../Src/tm_stm32f4_dma.c:261:6:DMA1_Stream6_IRQHandler	8	static
../Src/tm_stm32f4_dma.c:267:6:DMA1_Stream7_IRQHandler	8	static
../Src/tm_stm32f4_dma.c:273:6:DMA2_Stream0_IRQHandler	8	static
../Src/tm_stm32f4_dma.c:279:6:DMA2_Stream1_IRQHandler	8	static
../Src/tm_stm32f4_dma.c:285:6:DMA2_Stream2_IRQHandler	8	static
../Src/tm_stm32f4_dma.c:291:6:DMA2_Stream3_IRQHandler	8	static
../Src/tm_stm32f4_dma.c:297:6:DMA2_Stream4_IRQHandler	8	static
../Src/tm_stm32f4_dma.c:303:6:DMA2_Stream5_IRQHandler	8	static
../Src/tm_stm32f4_dma.c:309:6:DMA2_Stream6_IRQHandler	8	static
../Src/tm_stm32f4_dma.c:315:6:DMA2_Stream7_IRQHandler	8	static
