18:12:28 **** Incremental Build of configuration Debug for project f4_1_led_toggle_struct ****
make -j7 all 
arm-none-eabi-gcc "../Src/main.c" -mcpu=cortex-m4 -std=gnu11 -g3 -DDEBUG -DSTM32F429I_DISC1 -DSTM32 -DSTM32F429ZITx -DSTM32F4 -DSTM32F429xx -c -I../Inc -O0 -ffunction-sections -fdata-sections -Wall -fstack-usage -fcyclomatic-complexity -MMD -MP -MF"Src/main.d" -MT"Src/main.o" --specs=nano.specs -mfpu=fpv4-sp-d16 -mfloat-abi=hard -mthumb -o "Src/main.o"
arm-none-eabi-gcc -o "f4_1_led_toggle_struct.elf" @"objects.list"   -mcpu=cortex-m4 -T"/Users/harishankar/Desktop/Baremetal_workspace/f4_1_led_toggle_struct/STM32F429ZITX_FLASH.ld" --specs=nosys.specs -Wl,-Map="f4_1_led_toggle_struct.map" -Wl,--gc-sections -static --specs=nano.specs -mfpu=fpv4-sp-d16 -mfloat-abi=hard -mthumb -Wl,--start-group -lc -lm -Wl,--end-group
Finished building target: f4_1_led_toggle_struct.elf
 
arm-none-eabi-size  f4_1_led_toggle_struct.elf 
arm-none-eabi-objdump -h -S f4_1_led_toggle_struct.elf  > "f4_1_led_toggle_struct.list"
   text	   data	    bss	    dec	    hex	filename
    768	      0	   1568	   2336	    920	f4_1_led_toggle_struct.elf
Finished building: default.size.stdout
 
Finished building: f4_1_led_toggle_struct.list
 

18:12:29 Build Finished. 0 errors, 0 warnings. (took 639ms)

