11:31:09 **** Incremental Build of configuration Debug for project f4_5_UART_TX ****
make -j7 all 
arm-none-eabi-gcc "../Src/main.c" -mcpu=cortex-m4 -std=gnu11 -g3 -DDEBUG -DSTM32F429I_DISC1 -DSTM32 -DSTM32F429ZITx -DSTM32F4 -DSTM32F429xx -c -I../Inc -I/Users/harishankar/Desktop/Digicomm_learning/harishankarn/chip_headers/CMSIS/Device/ST/STM32F4xx/Include -I/Users/harishankar/Desktop/Digicomm_learning/harishankarn/chip_headers/CMSIS/Include -O0 -ffunction-sections -fdata-sections -Wall -fstack-usage -fcyclomatic-complexity -MMD -MP -MF"Src/main.d" -MT"Src/main.o" --specs=nano.specs -mfpu=fpv4-sp-d16 -mfloat-abi=hard -mthumb -o "Src/main.o"
arm-none-eabi-gcc "../Src/syscalls.c" -mcpu=cortex-m4 -std=gnu11 -g3 -DDEBUG -DSTM32F429I_DISC1 -DSTM32 -DSTM32F429ZITx -DSTM32F4 -DSTM32F429xx -c -I../Inc -I/Users/harishankar/Desktop/Digicomm_learning/harishankarn/chip_headers/CMSIS/Device/ST/STM32F4xx/Include -I/Users/harishankar/Desktop/Digicomm_learning/harishankarn/chip_headers/CMSIS/Include -O0 -ffunction-sections -fdata-sections -Wall -fstack-usage -fcyclomatic-complexity -MMD -MP -MF"Src/syscalls.d" -MT"Src/syscalls.o" --specs=nano.specs -mfpu=fpv4-sp-d16 -mfloat-abi=hard -mthumb -o "Src/syscalls.o"
arm-none-eabi-gcc "../Src/sysmem.c" -mcpu=cortex-m4 -std=gnu11 -g3 -DDEBUG -DSTM32F429I_DISC1 -DSTM32 -DSTM32F429ZITx -DSTM32F4 -DSTM32F429xx -c -I../Inc -I/Users/harishankar/Desktop/Digicomm_learning/harishankarn/chip_headers/CMSIS/Device/ST/STM32F4xx/Include -I/Users/harishankar/Desktop/Digicomm_learning/harishankarn/chip_headers/CMSIS/Include -O0 -ffunction-sections -fdata-sections -Wall -fstack-usage -fcyclomatic-complexity -MMD -MP -MF"Src/sysmem.d" -MT"Src/sysmem.o" --specs=nano.specs -mfpu=fpv4-sp-d16 -mfloat-abi=hard -mthumb -o "Src/sysmem.o"
arm-none-eabi-gcc -o "f4_5_UART_TX.elf" @"objects.list"   -mcpu=cortex-m4 -T"/Users/harishankar/Desktop/Digicomm_learning/harishankarn/f4_5_UART_TX/STM32F429ZITX_FLASH.ld" --specs=nosys.specs -Wl,-Map="f4_5_UART_TX.map" -Wl,--gc-sections -static --specs=nano.specs -mfpu=fpv4-sp-d16 -mfloat-abi=hard -mthumb -Wl,--start-group -lc -lm -Wl,--end-group
Finished building target: f4_5_UART_TX.elf
 
arm-none-eabi-size  f4_5_UART_TX.elf 
arm-none-eabi-objdump -h -S f4_5_UART_TX.elf  > "f4_5_UART_TX.list"
   text	   data	    bss	    dec	    hex	filename
   3508	      0	   1568	   5076	   13d4	f4_5_UART_TX.elf
Finished building: default.size.stdout
 
Finished building: f4_5_UART_TX.list
 

11:31:10 Build Finished. 0 errors, 0 warnings. (took 846ms)

