17:54:56 **** Build of configuration Debug for project f4_8_UART_RX ****
make -j7 all 
arm-none-eabi-gcc "../Src/UART.c" -mcpu=cortex-m4 -std=gnu11 -g3 -DDEBUG -DSTM32F429I_DISC1 -DSTM32 -DSTM32F429ZITx -DSTM32F4 -DSTM32F429xx -c -I../Inc -I/Users/harishankar/Desktop/Digicomm_learning/harishankarn/chip_headers/CMSIS/Device/ST/STM32F4xx/Include -I/Users/harishankar/Desktop/Digicomm_learning/harishankarn/chip_headers/CMSIS/Include -O0 -ffunction-sections -fdata-sections -Wall -fstack-usage -fcyclomatic-complexity -MMD -MP -MF"Src/UART.d" -MT"Src/UART.o" --specs=nano.specs -mfpu=fpv4-sp-d16 -mfloat-abi=hard -mthumb -o "Src/UART.o"
arm-none-eabi-gcc "../Src/main.c" -mcpu=cortex-m4 -std=gnu11 -g3 -DDEBUG -DSTM32F429I_DISC1 -DSTM32 -DSTM32F429ZITx -DSTM32F4 -DSTM32F429xx -c -I../Inc -I/Users/harishankar/Desktop/Digicomm_learning/harishankarn/chip_headers/CMSIS/Device/ST/STM32F4xx/Include -I/Users/harishankar/Desktop/Digicomm_learning/harishankarn/chip_headers/CMSIS/Include -O0 -ffunction-sections -fdata-sections -Wall -fstack-usage -fcyclomatic-complexity -MMD -MP -MF"Src/main.d" -MT"Src/main.o" --specs=nano.specs -mfpu=fpv4-sp-d16 -mfloat-abi=hard -mthumb -o "Src/main.o"
arm-none-eabi-gcc -o "f4_8_UART_RX.elf" @"objects.list"   -mcpu=cortex-m4 -T"/Users/harishankar/Desktop/Digicomm_learning/harishankarn/f4_8_UART_RX/STM32F429ZITX_FLASH.ld" --specs=nosys.specs -Wl,-Map="f4_8_UART_RX.map" -Wl,--gc-sections -static --specs=nano.specs -mfpu=fpv4-sp-d16 -mfloat-abi=hard -mthumb -Wl,--start-group -lc -lm -Wl,--end-group
Finished building target: f4_8_UART_RX.elf
 
arm-none-eabi-size  f4_8_UART_RX.elf 
arm-none-eabi-objdump -h -S f4_8_UART_RX.elf  > "f4_8_UART_RX.list"
   text	   data	    bss	    dec	    hex	filename
   3608	      0	   1568	   5176	   1438	f4_8_UART_RX.elf
Finished building: default.size.stdout
 
Finished building: f4_8_UART_RX.list
 

17:54:57 Build Finished. 0 errors, 0 warnings. (took 914ms)

