make -j7 all 
arm-none-eabi-gcc "../Src/ADC.c" -mcpu=cortex-m4 -std=gnu11 -g3 -DDEBUG -DSTM32F429I_DISC1 -DSTM32 -DSTM32F429ZITx -DSTM32F4 -DSTM32F429xx -c -I../Inc -I/Users/harishankar/Desktop/Digicomm_learning/harishankarn/chip_headers/CMSIS/Device/ST/STM32F4xx/Include -I/Users/harishankar/Desktop/Digicomm_learning/harishankarn/chip_headers/CMSIS/Include -O0 -ffunction-sections -fdata-sections -Wall -fstack-usage -fcyclomatic-complexity -MMD -MP -MF"Src/ADC.d" -MT"Src/ADC.o" --specs=nano.specs -mfpu=fpv4-sp-d16 -mfloat-abi=hard -mthumb -o "Src/ADC.o"
arm-none-eabi-gcc -o "f4_9_ADC.elf" @"objects.list"   -mcpu=cortex-m4 -T"/Users/harishankar/Desktop/Digicomm_learning/harishankarn/f4_9_ADC/STM32F429ZITX_FLASH.ld" --specs=nosys.specs -Wl,-Map="f4_9_ADC.map" -Wl,--gc-sections -static --specs=nano.specs -mfpu=fpv4-sp-d16 -mfloat-abi=hard -mthumb -Wl,--start-group -lc -lm -Wl,--end-group
Finished building target: f4_9_ADC.elf
 
arm-none-eabi-size  f4_9_ADC.elf 
arm-none-eabi-objdump -h -S f4_9_ADC.elf  > "f4_9_ADC.list"
   text	   data	    bss	    dec	    hex	filename
   7884	     92	   1908	   9884	   269c	f4_9_ADC.elf
Finished building: default.size.stdout
 
Finished building: f4_9_ADC.list
 

14:25:51 Build Finished. 0 errors, 0 warnings. (took 931ms)

14:25:52 **** Incremental Build of configuration Debug for project f4_9_ADC ****
make -j7 all 
arm-none-eabi-size  f4_9_ADC.elf 
   text	   data	    bss	    dec	    hex	filename
   7884	     92	   1908	   9884	   269c	f4_9_ADC.elf
Finished building: default.size.stdout
 
14:25:57 **** Incremental Build of configuration Debug for project f4_9_ADC ****
make -j7 all 
arm-none-eabi-size  f4_9_ADC.elf 
   text	   data	    bss	    dec	    hex	filename
   7884	     92	   1908	   9884	   269c	f4_9_ADC.elf
Finished building: default.size.stdout
 
