10:44:25 **** Incremental Build of configuration Debug for project f4_12_Timer ****
make -j7 all 
arm-none-eabi-size  f4_12_Timer.elf 
   text	   data	    bss	    dec	    hex	filename
   7896	     92	   1900	   9888	   26a0	f4_12_Timer.elf
Finished building: default.size.stdout
 
10:44:32 **** Incremental Build of configuration Debug for project f4_12_Timer ****
make -j7 all 
arm-none-eabi-size  f4_12_Timer.elf 
   text	   data	    bss	    dec	    hex	filename
   7896	     92	   1900	   9888	   26a0	f4_12_Timer.elf
Finished building: default.size.stdout
 
